// Jest Snapshot v1, https://goo.gl/fbAQLP

exports[`renders component styles 1`] = `
.emotion-1 {
  color: hotpink;
}

.emotion-0 {
  -webkit-text-decoration: underline;
  text-decoration: underline;
}

.emotion-1 {
  color: hotpink;
}

.emotion-0 {
  -webkit-text-decoration: underline;
  text-decoration: underline;
}

<div
  className="emotion-1"
>
  Some hotpink text.
  <div
    className="emotion-0"
  >
    Some text
  </div>
</div>
`;

exports[`renders with correct styles 1`] = `
.emotion-0 {
  color: blue;
}

.emotion-0 {
  color: blue;
}

<button
  className="emotion-0 emotion-1"
>
  emotion button
</button>
`;
